
thermo_style	custom step temp epair press f_5[*]
thermo		100

run		10000
Generated 0 of 0 mixed pair_coeff terms from geometric mixing rule
ALL information ...
	version: 0.9.3
	grid: staggered
	number of processors: 2 x 2 y 1 z
	global load balancing ...
		trigger threshold: 0.9
		bin width: 0.003
Neighbor list info ...
  update: every = 1 steps, delay = 0 steps, check = yes
  max neighbors/atom: 2000, page size: 100000
  master list distance cutoff = 2.8
  ghost atom cutoff = 2.8
  binsize = 1.4, bins = 42 29 1
  1 neighbor lists, perpetual/occasional/extra = 1 0 0
  (1) pair lj/cut, perpetual
      attributes: half, newton on
      pair build: half/bin/atomonly/newton
      stencil: half/bin/2d
      bin: standard
Per MPI rank memory allocation (min/avg/max) = 2.9 | 2.963 | 3.027 Mbytes
   Step          Temp          E_pair         Press          f_5[1]         f_5[2]         f_5[3]         f_5[4]         f_5[5]         f_5[6]    
         0   25.701528     -29.143179     -1.2407285     -1             -1              0             -1             -1             -1            
       100   26.269576     -29.713313      7.9052334      116            1.2853186      0              0.000777517    0.000778802   -1            
       200   26.368336     -29.809962      1.6412462      113            1.2520776      0              0.000596389    0.00059679875 -1            
       300   26.479082     -29.920083      2.3678653      115            1.2742382      0              0.000517625    0.0005184865  -1            
       400   26.522239     -29.965537      6.6787858      109            1.2077562      0              0.000524377    0.000524856   -1            
       500   25.725591     -29.168034      0.67065285     112            1.2409972      0              0.000488313    0.00048859925 -1            
       600   26.247693     -29.692706      7.9887712      118            1.3074792      0              0.000493976    0.00049446175 -1            
       700   26.237368     -29.676926      1.5987214      115            1.2742382      0              0.000517654    0.00051818275 -1            
       800   25.889643     -29.431589      4.6160859      114            1.2631579      0              0.000421832    0.0004223155  -1            
       900   23.635295     -27.372963      9.029962       106            1.1745152      0              0.000373731    0.0003739395  -1            
      1000   22.571904     -25.87422       1.8936085      101            1.1191136      0              0.000299518    0.000299722   -1            
      1100   17.493795     -21.447274      9.502619       99             1.0969529      0              0.000299634    0.00029999525 -1            
      1200   17.214459     -20.726965      6.3578921      95             1.0526316      0              0.000234996    0.0002353705  -1            
      1300   16.424125     -19.757295      3.9027833      100            1.1080332      0              0.000203207    0.00020354375 -1            
      1400   15.03118      -18.113914      1.7679382      97             1.0747922      0              0.000204319    0.000204533   -1            
      1500   13.711287     -16.791981      1.4919078      94             1.0415512      0              0.000206063    0.000206393   -1            
      1600   13.880882     -16.847846      1.3833904      94             1.0415512      0              0.000244552    0.000244698   -1            
      1700   13.043247     -16.000753      1.5226969      98             1.0858726      0              0.000201264    0.00020156575 -1            
      1800   12.819112     -15.870307      2.0615104      94             1.0415512      0              0.000191734    0.0001918495  -1            
      1900   12.529136     -15.534745      2.1621797      102            1.1301939      0              0.000194205    0.00019433325 -1            
      2000   12.215467     -15.093362      1.3976974      103            1.1412742      0              0.000192613    0.00019280275 -1            
      2100   11.844872     -14.714477      1.1829074      104            1.1523546      0              0.000189085    0.00018920925 -1            
      2200   11.903129     -14.775686      1.2610738      98             1.0858726      0              0.000187543    0.0001876995  -1            
      2300   11.902899     -14.774279      1.3762891      96             1.0637119      0              0.000185933    0.00018619175 -1            
      2400   11.558357     -14.417016      2.2814878      101            1.1191136      0              0.000255842    0.0002560705  -1            
      2500   11.466682     -14.299046      1.0688888      94             1.0415512      0              0.000194406    0.00019463    -1            
      2600   10.618093     -13.373592      1.5153478      96             1.0637119      0              0.000186492    0.00018654425 -1            
      2700   11.228313     -14.037481      1.3232231      94             1.0415512      0              0.000188562    0.000188955   -1            
      2800   10.707864     -13.485235      1.3325878      95             1.0526316      0              0.00018607     0.000186221   -1            
      2900   10.648558     -13.451841      1.1944211      99             1.0969529      0              0.000188524    0.000188895   -1            
      3000   10.420203     -13.187132      0.87886943     97             1.0747922      0              0.000186024    0.00018632125 -1            
      3100   10.084798     -12.869361      0.63229948     95             1.0526316      0              0.000241279    0.0002413675  -1            
      3200   9.686719      -12.413835      1.1059845      94             1.0415512      0              0.00018733     0.00018744625 -1            
      3300   9.7204253     -12.428014      1.460254       93             1.0304709      0              0.000185946    0.000186142   -1            
      3400   9.4803017     -12.188905      0.92925069     94             1.0415512      0              0.000188767    0.0001891445  -1            
      3500   9.3979725     -12.042308      1.360797       93             1.0304709      0              0.000186549    0.00018695125 -1            
      3600   9.4799017     -12.127725      0.88784236     93             1.0304709      0              0.000184864    0.0001851485  -1            
      3700   9.4271561     -12.126421      0.92866924     93             1.0304709      0              0.000186671    0.000187075   -1            
      3800   9.3739524     -12.001589      1.0237731      91             1.0083102      0              0.000248237    0.00024862025 -1            
      3900   9.0833156     -11.70017       1.2165505      93             1.0304709      0              0.000188191    0.00018836125 -1            
      4000   8.6888486     -11.350048      0.56597109     95             1.0526316      0              0.000188329    0.00018854025 -1            
      4100   8.3345096     -10.914795      1.305443       92             1.0193906      0              0.000189972    0.000190071   -1            
      4200   8.548493      -11.129502      0.42305948     94             1.0415512      0              0.000186462    0.00018672825 -1            
      4300   8.6026938     -11.193923      1.1042908      92             1.0193906      0              0.000188466    0.0001887925  -1            
      4400   8.3561941     -10.936898      0.81387487     95             1.0526316      0              0.000191294    0.00019149625 -1            
      4500   8.0292922     -10.600494      0.76969483     93             1.0304709      0              0.000186986    0.00018730225 -1            
      4600   8.3836028     -10.969154      1.0065676      94             1.0415512      0              0.000184908    0.0001850215  -1            
      4700   7.946038      -10.494151      1.0582806      93             1.0304709      0              0.000186244    0.0001864695  -1            
      4800   7.5696823     -10.134733      0.9488775      91             1.0083102      0              0.000189277    0.0001894885  -1            
      4900   7.8896733     -10.45772       1.2850625      96             1.0637119      0              0.000185852    0.00018606775 -1            
      5000   7.6937811     -10.244353      0.50909895     93             1.0304709      0              0.00018382     0.00018388725 -1            
      5100   7.3774886     -9.9009469      0.72056092     93             1.0304709      0              0.000185409    0.00018563725 -1            
      5200   7.3612972     -9.890869       0.69973596     92             1.0193906      0              0.00018099     0.00018140225 -1            
      5300   7.3287991     -9.8853554      0.82767556     95             1.0526316      0              0.000183124    0.0001832065  -1            
      5400   7.6120897     -10.154779      0.65301666     92             1.0193906      0              0.000182813    0.00018329275 -1            
      5500   7.0743868     -9.6203675      1.0301155      92             1.0193906      0              0.000184039    0.0001841455  -1            
      5600   7.7105648     -10.260645      1.2008668      92             1.0193906      0              0.000205577    0.00020565725 -1            
      5700   7.3254983     -9.852019       0.49005619     94             1.0415512      0              0.000185423    0.00018551575 -1            
      5800   7.0073064     -9.5412381      0.7673738      91             1.0083102      0              0.00018339     0.00018359975 -1            
      5900   7.3576517     -9.9539959      0.22646807     93             1.0304709      0              0.000183174    0.000183417   -1            
      6000   7.2305024     -9.7665528      0.682484       93             1.0304709      0              0.000191153    0.0001913325  -1            
      6100   7.0677545     -9.5959552      0.54045496     94             1.0415512      0              0.000187914    0.000188182   -1            
      6200   7.0481118     -9.5985707      0.39244247     91             1.0083102      0              0.00018593     0.0001860455  -1            
      6300   7.4341499     -9.971525       0.72061213     91             1.0083102      0              0.000182668    0.0001828265  -1            
      6400   7.1264347     -9.6582416      0.33438339     95             1.0526316      0              0.000184226    0.000184508   -1            
      6500   6.8792305     -9.4037897      1.0319318      93             1.0304709      0              0.000182053    0.00018250075 -1            
      6600   6.9730019     -9.4575681      0.58899923     94             1.0415512      0              0.000182499    0.00018263775 -1            
      6700   7.1447642     -9.6431455      0.7377834      91             1.0083102      0              0.000181998    0.000182139   -1            
      6800   6.6967384     -9.2313485      0.37233787     93             1.0304709      0              0.000182391    0.000182645   -1            
      6900   6.8556888     -9.3636742      0.40667649     94             1.0415512      0              0.000183652    0.00018392375 -1            
      7000   7.0617877     -9.5745584      0.62821186     92             1.0193906      0              0.000183636    0.00018387125 -1            
      7100   6.582159      -9.0516745      0.37693279     92             1.0193906      0              0.000182562    0.00018267925 -1            
      7200   6.8904236     -9.3899983      0.55013736     92             1.0193906      0              0.000184762    0.00018491525 -1            
      7300   6.7556496     -9.2643941      1.0506895      91             1.0083102      0              0.000184009    0.0001842005  -1            
      7400   6.4341283     -8.9447924      0.43783661     94             1.0415512      0              0.000184693    0.000184879   -1            
      7500   6.6042279     -9.0885592      0.42814388     92             1.0193906      0              0.000183084    0.0001833015  -1            
      7600   6.730149      -9.2039787      0.44581539     94             1.0415512      0              0.00018236     0.0001826985  -1            
      7700   6.8668378     -9.3546568      0.55218679     93             1.0304709      0              0.000182484    0.0001826795  -1            
      7800   6.6250957     -9.1024927      0.71975486     92             1.0193906      0              0.000181176    0.0001815685  -1            
      7900   6.4274933     -8.9018348      0.83052788     91             1.0083102      0              0.000194806    0.00019506025 -1            
      8000   6.7220427     -9.2283664      0.57255579     94             1.0415512      0              0.000183288    0.00018358875 -1            
      8100   6.6340166     -9.1363878      0.28917778     94             1.0415512      0              0.000180834    0.00018114125 -1            
      8200   6.5527359     -9.0596498      0.5552298      93             1.0304709      0              0.000179886    0.000180154   -1            
      8300   6.3670259     -8.860932       1.1558827      91             1.0083102      0              0.000179067    0.00017923825 -1            
      8400   6.4644773     -8.9438179      0.39718002     92             1.0193906      0              0.000180382    0.00018065875 -1            
      8500   6.6376898     -9.1541063      0.425059       94             1.0415512      0              0.000178412    0.00017858925 -1            
      8600   6.2295719     -8.7024229      0.4613874      93             1.0304709      0              0.000180159    0.00018054425 -1            
      8700   6.2772357     -8.7599981      0.3700073      92             1.0193906      0              0.000181938    0.00018210075 -1            
      8800   6.8125749     -9.3579024      0.72609143     94             1.0415512      0              0.00019223     0.000192421   -1            
      8900   6.4805357     -8.9540818      0.68034002     92             1.0193906      0              0.000178195    0.00017834575 -1            
      9000   6.5637913     -9.0470994      0.81296581     92             1.0193906      0              0.000179957    0.00018014475 -1            
      9100   6.5460499     -9.0338379      0.67728647     92             1.0193906      0              0.000177563    0.0001777815  -1            
      9200   6.6532613     -9.148448       0.14731492     91             1.0083102      0              0.000176586    0.0001767975  -1            
      9300   6.4964849     -8.9965425      0.88010199     91             1.0083102      0              0.000176826    0.00017696375 -1            
      9400   6.3164961     -8.8084482      0.68787219     93             1.0304709      0              0.00017704     0.00017743975 -1            
      9500   6.6968061     -9.2447138      0.9193567      91             1.0083102      0              0.000179914    0.0001801515  -1            
      9600   6.3628857     -8.8499851      0.2801713      91             1.0083102      0              0.000176384    0.0001765475  -1            
      9700   6.2099075     -8.6580403      0.68461663     93             1.0304709      0              0.000176101    0.00017647575 -1            
      9800   6.0610619     -8.5611464      0.54716672     92             1.0193906      0              0.000177796    0.00017805975 -1            
      9900   5.9099535     -8.3779166      0.45578172     92             1.0193906      0              0.000175053    0.000175278   -1            
     10000   5.9661164     -8.4135245      0.73871238     91             1.0083102      0              0.000174962    0.0001755275  -1            
Loop time of 0.271936 on 4 procs for 10000 steps with 361 atoms

Performance: 15886070.267 tau/day, 36773.311 timesteps/s, 13.275 Matom-step/s
98.3% CPU use with 4 MPI tasks x 1 OpenMP threads

MPI task timing breakdown:
Section |  min time  |  avg time  |  max time  |%varavg| %total
---------------------------------------------------------------
Pair    | 0.028849   | 0.037135   | 0.046559   |   3.4 | 13.66
Neigh   | 0.035589   | 0.044189   | 0.052471   |   3.3 | 16.25
Comm    | 0.071757   | 0.08949    | 0.10638    |   4.4 | 32.91
Output  | 0.018351   | 0.019475   | 0.020344   |   0.5 |  7.16
Modify  | 0.057986   | 0.05843    | 0.058901   |   0.1 | 21.49
Other   |            | 0.02322    |            |       |  8.54

Nlocal:          90.25 ave          91 max          90 min
Histogram: 3 0 0 0 0 0 0 0 0 1
Nghost:          31.75 ave          38 max          25 min
Histogram: 1 0 0 1 0 0 0 1 0 1
Neighs:         277.25 ave         431 max         154 min
Histogram: 2 0 0 0 0 0 1 0 0 1

Total # of neighbors = 1109
Ave neighs/atom = 3.0720222
Neighbor list builds = 3525
Dangerous builds = 0
Total wall time: 0:00:00
